 |      |      |      |      |      |      |      |      |      |      |      |      |      |      |      |      |      |      |      |      |      |      |      |      |      |      |      |      |      |      |      |      |      |      |      |      |      |      |      |      |      |      |      |      |      |      |      |      |      |      |      |      |      |      |      |      |      |      |      |      |      |      |      |      |      |      |      |      |      |      |      |      |      |      |      |      |      |      |      |     |

 |      |      |      |      |      |      |      |      |      |      |      |      |      |      |      |      |      |      |      |      |      |      |      |      |      |      |      |      |      |      |      |      |      |      |      |      |      |      |      |      |      |      |      |      |      |      |      |      |      |      |      |      |      |      |      |      |      |      |      |      |      |      |      |      |      |      |      |      |      |      |      |      |      |      |      |      |      |      |      |     |

 |      |      |      |      |      |      |      |      |      |      |      |      |      |      |      |      |      |      |      |      |      |      |      |      |      |      |      |      |      |      |      |      |      |      |      |      |      |      |      |      |      |      |      |      |      |      |      |      |      |      |      |      |      |      |      |      |      |      |      |      |      |      |      |      |      |      |      |      |      |      |      |      |      |      |      |      |      |      |      |     |

 |      |      |      |      |      |      |      |      |      |      |      |      |      |      |      |      |      |      |      |      |      |      |      |      |      |      |      |      |      |      |      |      |      |      |      |      |      |      |      |      |      |      |      |      |      |      |      |      |      |      |      |      |      |      |      |      |      |      |      |      |      |      |      |      |      |      |      |      |      |      |      |      |      |      |      |      |      |      |      |     |

 |      |      |      |      |      |      |      |      |      |      |      |      |      |      |      |      |      |      |      |      |      |      |      |      |      |      |      |      |      |      |      |      |      |      |      |      |      |      |      |      |      |      |      |      |      |      |      |      |      |      |      |      |      |      |      |      |      |      |      |      |      |      |      |      |      |      |      |      |      |      |      |      |      |      |      |      |      |      |      |     |

 |      |      |      |      |      |      |      |      |      |      |      |      |      |      |      |      |      |      |      |      |      |      |      |      |      |      |      |      |      |      |      |      |      |      |      |      |      |      |      |      |      |      |      |      |      |      |      |      |      |      |      |      |      |      |      |      |      |      |      |      |      |      |      |      |      |      |      |      |      |      |      |      |      |      |      |      |      |      |      |     |

 |      |      |      |      |      |      |      |      |      |      |      |      |      |      |      |      |      |      |      |      |      |      |      |      |      |      |      |      |      |      |      |      |      |      |      |      |      |      |      |      |      |      |      |      |      |      |      |      |      |      |      |      |      |      |      |      |      |      |      |      |      |      |      |      |      |      |      |      |      |      |      |      |      |      |      |      |      |      |      |     |

 |      |      |      |      |      |      |      |      |      |      |      |      |      |      |      |      |      |      |      |      |      |      |      |      |      |      |      |      |      |      |      |      |      |      |      |      |      |      |      |      |      |      |      |      |      |      |      |      |      |      |      |      |      |      |      |      |      |      |      |      |      |      |      |      |      |      |      |      |      |      |      |      |      |      |      |      |      |      |      |     |

 |      |      |      |      |      |      |      |      |      |      |      |      |      |      |      |      |      |      |      |      |      |      |      |      |      |      |      |      |      |      |      |      |      |      |      |      |      |      |      |      |      |      |      |      |      |      |      |      |      |      |      |      |      |      |      |      |      |      |      |      |      |      |      |      |      |      |      |      |      |      |      |      |      |      |      |      |      |      |      |     |

 |      |      |      |      |      |      |      |      |      |      |      |      |      |      |      |      |      |      |      |      |      |      |      |      |      |      |      |      |      |      |      |      |      |      |      |      |      |      |      |      |      |      |      |      |      |      |      |      |      |      |      |      |      |      |      |      |      |      |      |      |      |      |      |      |      |      |      |      |      |      |      |      |      |      |      |      |      |      |      |     |

 |      |      |      |      |      |      |      |      |      |      |      |      |      |      |      |      |      |      |      |      |      |      |      |      |      |      |      |      |      |      |      |      |      |      |      |      |      |      |      |      |      |      |      |      |      |      |      |      |      |      |      |      |      |      |      |      |      |      |      |      |      |      |      |      |      |      |      |      |      |      |      |      |      |      |      |      |      |      |      |     |

 |      |      |      |      |      |      |      |      |      |      |      |      |      |      |      |      |      |      |      |      |      |      |      |      |      |      |      |      |      |      |      |      |      |      |      |      |      |      |      |      |      |      |      |      |      |      |      |      |      |      |      |      |      |      |      |      |      |      |      |      |      |      |      |      |      |      |      |      |      |      |      |      |      |      |      |      |      |      |      |     |

 |      |      |      |      |      |      |      |      |      |      |      |      |      |      |      |      |      |      |      |      |      |      |      |      |      |      |      |      |      |      |      |      |      |      |      |      |      |      |      |      |      |      |      |      |      |      |      |      |      |      |      |      |      |      |      |      |      |      |      |      |      |      |      |      |      |      |      |      |      |      |      |      |      |      |      |      |      |      |      |     |

 |      |      |      |      |      |      |      |      |      |      |      |      |      |      |      |      |      |      |      |      |      |      |      |      |      |      |      |      |      |      |      |      |      |      |      |      |      |      |      |      |      |      |      |      |      |      |      |      |      |      |      |      |      |      |      |      |      |      |      |      |      |      |      |      |      |      |      |      |      |      |      |      |      |      |      |      |      |      |      |     |

 |      |      |      |      |      |      |      |      |      |      |      |      |      |      |      |      |      |      |      |      |      |      |      |      |      |      |      |      |      |      |      |      |      |      |      |      |      |      |      |      |      |      |      |      |      |      |      |      |      |      |      |      |      |      |      |      |      |      |      |      |      |      |      |      |      |      |      |      |      |      |      |      |      |      |      |      |      |      |      |     |

 |      |      |      |      |      |      |      |      |      |      |      |      |      |      |      |      |      |      |      |      |      |      |      |      |      |      |      |      |      |      |      |      |      |      |      |      |      |      |      |      |      |      |      |      |      |      |      |      |      |      |      |      |      |      |      |      |      |      |      |      |      |      |      |      |      |      |      |      |      |      |      |      |      |      |      |      |      |      |      |     |

 |      |      |      |      |      |      |      |      |      |      |      |      |      |      |      |      |      |      |      |      |      |      |      |      |      |      |      |      |      |      |      |      |      |      |      |      |      |      |      |      |      |      |      |      |      |      |      |      |      |      |      |      |      |      |      |      |      |      |      |      |      |      |      |      |      |      |      |      |      |      |      |      |      |      |      |      |      |      |      |     |

 |      |      |      |      |      |      |      |      |      |      |      |      |      |      |      |      |      |      |      |      |      |      |      |      |      |      |      |      |      |      |      |      |      |      |      |      |      |      |      |      |      |      |      |      |      |      |      |      |      |      |      |      |      |      |      |      |      |      |      |      |      |      |      |      |      |      |      |      |      |      |      |      |      |      |      |      |      |      |      |     |

 |      |      |      |      |      |      |      |      |      |      |      |      |      |      |      |      |      |      |      |      |      |      |      |      |      |      |      |      |      |      |      |      |      |      |      |      |      |      |      |      |      |      |      |      |      |      |      |      |      |      |      |      |      |      |      |      |      |      |      |      |      |      |      |      |      |      |      |      |      |      |      |      |      |      |      |      |      |      |      |     |

 |      |      |      |      |      |      |      |      |      |      |      |      |      |      |      |      |      |      |      |      |      |      |      |      |      |      |      |      |      |      |      |      |      |      |      |      |      |      |      |      |      |      |      |      |      |      |      |      |      |      |      |      |      |      |      |      |      |      |      |      |      |      |      |      |      |      |      |      |      |      |      |      |      |      |      |      |      |      |      |     |

 |      |      |      |      |      |      |      |      |      |      |      |      |      |      |      |      |      |      |      |      |      |      |      |      |      |      |      |      |      |      |      |      |      |      |      |      |      |      |      |      |      |      |      |      |      |      |      |      |      |      |      |      |      |      |      |      |      |      |      |      |      |      |      |      |      |      |      |      |      |      |      |      |      |      |      |      |      |      |      |     |

 |      |      |      |      |      |      |      |      |      |      |      |      |      |      |      |      |      |      |      |      |      |      |      |      |      |      |      |      |      |      |      |      |      |      |      |      |      |      |      |      |      |      |      |      |      |      |      |      |      |      |      |      |      |      |      |      |      |      |      |      |      |      |      |      |      |      |      |      |      |      |      |      |      |      |      |      |      |      |      |     |

 |      |      |      |      |      |      |      |      |      |      |      |      |      |      |      |      |      |      |      |      |      |      |      |      |      |      |      |      |      |      |      |      |      |      |      |      |      |      |      |      |      |      |      |      |      |      |      |      |      |      |      |      |      |      |      |      |      |      |      |      |      |      |      |      |      |      |      |      |      |      |      |      |      |      |      |      |      |      |      |     |

 |      |      |      |      |      |      |      |      |      |      |      |      |      |      |      |      |      |      |      |      |      |      |      |      |      |      |      |      |      |      |      |      |      |      |      |      |      |      |      |      |      |      |      |      |      |      |      |      |      |      |      |      |      |      |      |      |      |      |      |      |      |      |      |      |      |      |      |      |      |      |      |      |      |      |      |      |      |      |      |     |

 |      |      |      |      |      |      |      |      |      |      |      |      |      |      |      |      |      |      |      |      |      |      |      |      |      |      |      |      |      |      |      |      |      |      |      |      |      |      |      |      |      |      |      |      |      |      |      |      |      |      |      |      |      |      |      |      |      |      |      |      |      |      |      |      |      |      |      |      |      |      |      |      |      |      |      |      |      |      |      |     |

 |      |      |      |      |      |      |      |      |      |      |      |      |      |      |      |      |      |      |      |      |      |      |      |      |      |      |      |      |      |      |      |      |      |      |      |      |      |      |      |      |      |      |      |      |      |      |      |      |      |      |      |      |      |      |      |      |      |      |      |      |      |      |      |      |      |      |      |      |      |      |      |      |      |      |      |      |      |      |      |     |

 |      |      |      |      |      |      |      |      |      |      |      |      |      |      |      |      |      |      |      |      |      |      |      |      |      |      |      |      |      |      |      |      |      |      |      |      |      |      |      |      |      |      |      |      |      |      |      |      |      |      |      |      |      |      |      |      |      |      |      |      |      |      |      |      |      |      |      |      |      |      |      |      |      |      |      |      |      |      |      |     |

 |      |      |      |      |      |      |      |      |      |      |      |      |      |      |      |      |      |      |      |      |      |      |      |      |      |      |      |      |      |      |      |      |      |      |      |      |      |      |      |      |      |      |      |      |      |      |      |      |      |      |      |      |      |      |      |      |      |      |      |      |      |      |      |      |      |      |      |      |      |      |      |      |      |      |      |      |      |      |      |     |

 |      |      |      |      |      |      |      |      |      |      |      |      |      |      |      |      |      |      |      |      |      |      |      |      |      |      |      |      |      |      |      |      |      |      |      |      |      |      |      |      |      |      |      |      |      |      |      |      |      |      |      |      |      |      |      |      |      |      |      |      |      |      |      |      |      |      |      |      |      |      |      |      |      |      |      |      |      |      |      |     |

 |      |      |      |      |      |      |      |      |      |      |      |      |      |      |      |      |      |      |      |      |      |      |      |      |      |      |      |      |      |      |      |      |      |      |      |      |      |      |      |      |      |      |      |      |      |      |      |      |      |      |      |      |      |      |      |      |      |      |      |      |      |      |      |      |      |      |      |      |      |      |      |      |      |      |      |      |      |      |      |     |

 |      |      |      |      |      |      |      |      |      |      |      |      |      |      |      |      |      |      |      |      |      |      |      |      |      |      |      |      |      |      |      |      |      |      |      |      |      |      |      |      |      |      |      |      |      |      |      |      |      |      |      |      |      |      |      |      |      |      |      |      |      |      |      |      |      |      |      |      |      |      |      |      |      |      |      |      |      |      |      |     |

 |      |      |      |      |      |      |      |      |      |      |      |      |      |      |      |      |      |      |      |      |      |      |      |      |      |      |      |      |      |      |      |      |      |      |      |      |      |      |      |      |      |      |      |      |      |      |      |      |      |      |      |      |      |      |      |      |      |      |      |      |      |      |      |      |      |      |      |      |      |      |      |      |      |      |      |      |      |      |      |     |

 |      |      |      |      |      |      |      |      |      |      |      |      |      |      |      |      |      |      |      |      |      |      |      |      |      |      |      |      |      |      |      |      |      |      |      |      |      |      |      |      |      |      |      |      |      |      |      |      |      |      |      |      |      |      |      |      |      |      |      |      |      |      |      |      |      |      |      |      |      |      |      |      |      |      |      |      |      |      |      |     |

 |      |      |      |      |      |      |      |      |      |      |      |      |      |      |      |      |      |      |      |      |      |      |      |      |      |      |      |      |      |      |      |      |      |      |      |      |      |      |      |      |      |      |      |      |      |      |      |      |      |      |      |      |      |      |      |      |      |      |      |      |      |      |      |      |      |      |      |      |      |      |      |      |      |      |      |      |      |      |      |     |

 |      |      |      |      |      |      |      |      |      |      |      |      |      |      |      |      |   10 |   14 |   18 |   20 |   20 |   20 |   20 |   20 |   10 |    6 |    2 |      |      |      |      |      |      |      |      |      |      |      |      |      |      |      |      |      |      |      |      |      |      |      |      |      |      |      |      |      |      |      |      |      |      |      |      |      |      |      |      |      |      |      |      |      |      |      |      |      |      |      |      |     |

 |      |      |      |      |      |      |      |      |      |      |      |      |      |      |      |   26 |  138 |  142 |  146 |  150 |  154 |  160 |  164 |  144 |   36 |   32 |   28 |   24 |   20 |   14 |   10 |    4 |      |      |      |      |      |      |      |      |      |      |      |      |      |      |      |      |      |      |      |      |      |      |      |      |      |      |      |      |      |      |      |      |      |      |      |      |      |      |      |      |      |      |      |      |      |      |      |     |

 |      |      |      |      |    6 |    8 |    8 |    8 |    8 |    8 |    8 |    8 |    2 |      |   40 |  114 |  226 |  230 |  234 |  238 |  242 |  248 |  212 |  144 |   46 |   42 |   38 |   34 |   30 |   24 |   20 |   14 |      |      |      |      |      |      |      |      |      |      |      |      |      |      |      |      |      |      |      |      |      |      |      |      |      |      |      |      |      |      |      |      |      |      |      |      |      |      |      |      |      |      |      |      |      |      |      |     |

 |      |      |      |      |    6 |   16 |   16 |   16 |   16 |   16 |   16 |   18 |   14 |    8 |   48 |  122 |  234 |  238 |  242 |  244 |  246 |  248 |  212 |  144 |   46 |   48 |   44 |   40 |   36 |   30 |   26 |   20 |    6 |      |      |      |      |      |      |      |      |      |      |      |      |      |      |      |      |      |      |      |      |      |      |      |      |      |      |      |      |      |      |      |      |      |      |      |      |      |      |      |      |      |      |      |      |      |      |     |

 |      |      |      |      |    6 |   18 |   28 |   34 |   38 |   42 |   44 |   48 |   44 |   36 |   66 |  134 |  242 |  242 |  244 |  244 |  246 |  248 |  212 |  144 |   46 |   52 |   58 |   58 |   54 |   48 |   44 |   38 |   24 |   14 |    4 |      |      |      |      |      |      |      |      |   10 |   10 |   10 |   10 |   10 |   10 |   10 |   10 |      |      |      |      |      |      |      |      |      |      |      |      |      |      |      |      |      |      |      |      |      |      |      |      |      |      |      |      |     |

 |      |      |      |      |    6 |   18 |   28 |   34 |   38 |   42 |   44 |   48 |   44 |   36 |   66 |  134 |  242 |  242 |  244 |  244 |  246 |  248 |  212 |  144 |   46 |   52 |   58 |   64 |   68 |   68 |   64 |   58 |   44 |   34 |   24 |   14 |    6 |      |      |      |      |      |   78 |  116 |  116 |  116 |  116 |  116 |  116 |  116 |   38 |      |      |      |      |      |      |      |      |      |      |      |      |      |      |      |      |      |      |      |      |      |      |      |      |      |      |      |      |     |

 |      |      |      |      |    6 |   18 |   28 |   34 |   38 |   42 |   44 |   48 |   44 |   36 |   66 |  134 |  242 |  242 |  244 |  244 |  246 |  248 |  212 |  144 |   46 |   52 |   58 |   64 |   68 |   72 |   78 |   80 |   76 |   76 |   78 |   80 |  102 |   98 |   88 |   80 |   70 |   60 |  204 |  250 |  220 |  214 |  214 |  214 |  214 |  214 |   58 |      |      |      |      |      |      |      |      |      |      |      |      |      |      |      |      |      |      |      |      |      |      |      |      |      |      |      |      |     |

 |      |      |      |      |    6 |   18 |   28 |   34 |   38 |   42 |   44 |   48 |   44 |   36 |   66 |  134 |  242 |  242 |  244 |  244 |  246 |  248 |  212 |  144 |   46 |   52 |   58 |   64 |   68 |   72 |   78 |   80 |   76 |   76 |   78 |   80 |  102 |  110 |  120 |  142 |  150 |  212 |  388 |  456 |  426 |  408 |  388 |  358 |  340 |  268 |   80 |      |      |      |      |      |      |      |      |      |      |      |      |      |      |      |      |      |      |      |      |      |      |      |      |      |      |      |      |     |

 |      |      |      |      |    6 |   18 |   28 |   34 |   38 |   42 |   44 |   48 |   44 |   36 |   66 |  134 |  232 |  228 |  226 |  224 |  226 |  228 |  192 |  124 |   36 |   46 |   56 |   64 |   68 |   72 |   78 |   80 |   76 |   76 |   78 |   80 |  102 |  110 |  120 |  142 |  174 |  236 |  412 |  508 |  478 |  460 |  440 |  410 |  368 |  296 |  108 |      |      |      |      |      |      |      |      |      |      |      |      |      |      |      |      |      |      |      |      |      |      |      |      |      |      |      |      |     |

 |      |      |      |      |    6 |   18 |   28 |   34 |   38 |   42 |   44 |   48 |   44 |   36 |   66 |  108 |  104 |  100 |   98 |   94 |   92 |   88 |   48 |      |   10 |   20 |   30 |   40 |   48 |   58 |   68 |   76 |   76 |   76 |   78 |   80 |  102 |  110 |  120 |  142 |  174 |  236 |  412 |  548 |  518 |  500 |  480 |  450 |  408 |  336 |  148 |      |      |      |      |      |      |      |      |      |      |      |      |      |      |      |      |      |      |      |      |      |      |      |      |      |      |      |      |     |

 |      |      |      |      |      |   10 |   20 |   26 |   30 |   34 |   36 |   40 |   42 |   36 |   26 |   20 |   16 |   12 |   10 |    6 |    4 |      |      |      |      |   10 |   20 |   30 |   38 |   48 |   58 |   66 |   76 |   76 |   78 |   80 |  102 |  110 |  120 |  142 |  174 |  236 |  412 |  612 |  582 |  564 |  544 |  514 |  472 |  400 |  212 |      |      |      |      |      |      |      |      |      |      |      |      |      |      |      |      |      |      |      |      |      |      |      |      |      |      |      |      |     |

 |      |      |      |      |      |    2 |   12 |   18 |   22 |   26 |   28 |   30 |   30 |   28 |   18 |   12 |    8 |    4 |    2 |      |      |      |      |      |      |    4 |   14 |   24 |   32 |   42 |   52 |   60 |   70 |   76 |   78 |   80 |  102 |  110 |  206 |  234 |  272 |  336 |  512 |  896 |  866 |  848 |  742 |  706 |  658 |  584 |  396 |      |      |      |      |      |      |      |      |      |      |      |      |      |      |      |      |      |      |      |      |      |      |      |      |      |      |      |      |     |

 |      |      |      |      |      |      |      |      |      |      |      |      |      |      |      |      |      |      |      |      |      |      |      |      |      |   24 |   24 |   30 |   38 |   48 |   74 |   94 |  116 |  110 |  134 |  148 |  188 |  202 |  368 |  384 |  410 |  468 |  640 | 1104 | 1056 | 1032 |  840 |  804 |  756 |  680 |  484 |      |      |      |      |      |      |      |      |      |      |      |      |      |      |      |      |      |      |      |      |      |      |      |      |      |      |      |      |     |

 |      |      |      |      |      |      |      |      |      |      |      |      |      |      |      |      |      |      |      |      |      |      |      |  110 |  178 |  220 |  248 |  272 |  292 |  312 |  338 |  248 |  202 |  178 |  174 |  170 |  198 |  202 |  368 |  384 |  410 |  468 |  562 |  998 |  950 |  926 |  734 |  698 |  650 |  574 |  456 |      |      |      |      |      |      |      |      |      |      |      |      |      |      |      |      |      |      |      |      |      |      |      |      |      |      |      |      |     |

 |      |      |      |      |      |      |      |      |      |      |      |      |      |      |      |      |      |      |      |      |      |      |      |  182 |  250 |  292 |  320 |  344 |  364 |  380 |  396 |  226 |  170 |  136 |  120 |  104 |  102 |  104 |  280 |  304 |  340 |  408 |  436 |  864 |  846 |  828 |  636 |  600 |  552 |  476 |  436 |      |      |      |      |      |      |      |      |      |      |      |      |      |      |      |      |      |      |      |      |      |      |      |      |      |      |      |      |     |

 |      |      |      |      |      |      |      |      |      |      |      |      |      |      |      |      |      |      |      |      |      |      |      |  192 |  260 |  302 |  330 |  354 |  374 |  390 |  406 |  226 |  170 |  136 |  120 |  104 |  102 |   92 |  248 |  242 |  260 |  256 |  252 |  658 |  640 |  634 |  462 |  456 |  426 |  422 |  414 |      |      |      |      |      |      |      |      |      |      |      |      |      |      |      |      |      |      |      |      |      |      |      |      |      |      |      |      |     |

 |      |      |      |      |      |      |      |      |      |      |      |      |      |      |      |      |      |      |      |      |      |      |      |  204 |  272 |  314 |  342 |  366 |  386 |  402 |  418 |  226 |  170 |  136 |  120 |  104 |  102 |   92 |  248 |  242 |  236 |  232 |  228 |  606 |  588 |  582 |  410 |  404 |  398 |  394 |  386 |      |      |      |      |      |      |      |      |      |      |      |      |      |      |      |      |      |      |      |      |      |      |      |      |      |      |      |      |     |

 |      |      |      |      |      |      |      |      |      |      |      |      |      |      |      |      |      |      |      |      |      |      |      |  218 |  286 |  328 |  356 |  380 |  400 |  416 |  432 |  226 |  170 |  136 |  120 |  104 |  102 |   92 |  248 |  242 |  236 |  232 |  228 |  566 |  548 |  544 |  380 |  382 |  384 |  390 |  390 |   44 |   44 |   42 |   34 |   26 |   18 |    8 |      |      |      |      |      |      |      |      |      |      |      |      |      |      |      |      |      |      |      |      |      |     |

 |      |      |      |      |      |      |      |      |      |      |      |      |      |      |      |      |      |      |      |      |      |      |      |  232 |  300 |  342 |  370 |  394 |  414 |  430 |  446 |  226 |  170 |  136 |  120 |  104 |  102 |   92 |  248 |  242 |  236 |  232 |  228 |  502 |  490 |  492 |  328 |  330 |  332 |  338 |  354 |   76 |   70 |   62 |   54 |   46 |   38 |   28 |    4 |      |      |      |      |      |      |      |      |      |      |      |      |      |      |      |      |      |      |      |      |     |

 |      |  142 |  318 |  318 |  318 |  318 |  318 |  318 |  318 |  176 |      |      |      |      |      |      |      |      |      |      |      |      |      |  248 |  316 |  358 |  386 |  410 |  430 |  446 |  462 |  226 |  170 |  136 |  120 |  104 |  102 |   92 |  162 |  150 |  138 |  132 |  130 |  228 |  216 |  218 |  140 |  148 |  156 |  164 |  178 |  100 |   96 |   88 |   80 |   72 |   64 |   54 |   30 |    2 |      |      |      |      |      |      |      |      |      |      |      |      |      |      |      |      |      |      |      |     |

 |   62 |  218 |  400 |  400 |  400 |  400 |  400 |  400 |  338 |  182 |      |      |      |      |      |      |      |      |      |      |      |      |      |  268 |  336 |  354 |  382 |  406 |  426 |  442 |  442 |  174 |  106 |   88 |   60 |   36 |   16 |      |      |      |      |    4 |   10 |   18 |   24 |   32 |   40 |   48 |   56 |   62 |   80 |  100 |  110 |  116 |  118 |  110 |  102 |   92 |   68 |   40 |   24 |   10 |      |      |      |      |      |      |      |      |      |      |      |      |      |      |      |      |      |     |

 |  112 |  268 |  456 |  456 |  456 |  456 |  452 |  408 |  344 |  188 |      |      |      |      |      |      |      |      |      |      |      |      |   14 |  182 |  182 |  182 |  182 |  182 |  182 |  182 |  168 |      |      |      |      |      |      |      |      |    2 |    8 |   14 |   20 |   28 |   34 |   42 |   50 |   56 |   58 |   62 |   80 |  100 |  110 |  116 |  132 |  150 |  142 |  132 |  108 |   80 |   64 |   50 |   26 |      |      |      |      |      |      |      |      |      |      |      |      |      |      |      |      |     |

 |  140 |  296 |  490 |  490 |  490 |  488 |  458 |  414 |  350 |  194 |      |      |      |      |      |      |      |      |      |      |      |      |   44 |  140 |  140 |  140 |  140 |  140 |  140 |  140 |   96 |      |      |      |      |      |      |    2 |    6 |   12 |   18 |   24 |   30 |   38 |   44 |   50 |   54 |   56 |   58 |   62 |   80 |  100 |  110 |  116 |  132 |  218 |  210 |  200 |  176 |  148 |  132 |  118 |   94 |      |      |      |      |      |      |      |      |      |      |      |      |      |      |      |      |     |

 |  144 |  300 |  500 |  500 |  500 |  494 |  464 |  420 |  356 |  200 |      |      |      |      |      |      |      |      |      |      |      |      |   90 |  176 |  176 |  176 |  176 |  176 |  176 |  176 |   86 |      |      |      |      |      |    6 |   12 |   16 |   22 |   28 |   34 |   40 |   48 |   48 |   50 |   54 |   56 |   58 |   62 |   80 |  100 |  110 |  116 |  132 |  406 |  398 |  388 |  364 |  336 |  320 |  306 |  282 |      |      |      |      |      |      |      |      |      |      |      |      |      |      |      |      |     |

 |  148 |  304 |  510 |  510 |  510 |  500 |  470 |  426 |  362 |  206 |      |      |      |      |      |      |      |      |      |      |      |      |   90 |  216 |  254 |  254 |  254 |  254 |  254 |  254 |  164 |   38 |      |      |    5 |   10 |   18 |   24 |   28 |   34 |   40 |   46 |   47 |   50 |   48 |   50 |   56 |   62 |   66 |   74 |   94 |  116 |  130 |  140 |  158 |  462 |  452 |  438 |  412 |  382 |  362 |  344 |  316 |      |      |      |      |      |      |      |      |      |      |      |      |      |      |      |      |     |

 |  150 |  306 |  520 |  520 |  520 |  508 |  478 |  434 |  370 |  214 |      |      |      |      |      |      |      |      |      |      |      |      |   90 |  202 |  298 |  450 |  456 |  460 |  464 |  470 |  384 |  278 |  188 |   40 |   39 |   40 |   44 |   44 |   44 |   44 |   44 |   46 |   47 |   54 |   60 |   68 |   70 |   68 |   64 |   62 |   74 |   92 |   98 |  102 |  124 |  436 |  434 |  430 |  412 |  382 |  362 |  344 |  316 |      |      |      |      |      |      |      |      |      |      |      |      |      |      |      |      |     |

 |  176 |  332 |  556 |  556 |  556 |  518 |  488 |  444 |  380 |  224 |      |      |      |      |      |      |      |      |      |      |      |      |   90 |  188 |  284 |  436 |  442 |  446 |  450 |  456 |  370 |  278 |  188 |   40 |   39 |   40 |   44 |   44 |   44 |   44 |   44 |   46 |   57 |   68 |   68 |   70 |   72 |   70 |   66 |   64 |   50 |   60 |   72 |   82 |  104 |  416 |  414 |  410 |  408 |  382 |  362 |  344 |  316 |      |      |      |      |      |      |      |      |      |      |      |      |      |      |      |      |     |

 |  202 |  246 |  300 |  300 |  300 |  248 |  206 |  162 |   98 |   54 |      |      |      |      |      |      |      |      |      |      |      |      |   90 |  172 |  268 |  420 |  426 |  430 |  434 |  440 |  354 |  278 |  188 |   40 |   39 |   40 |   44 |   44 |   44 |   44 |   52 |   64 |   73 |   76 |   76 |   78 |   80 |   78 |   66 |   54 |   42 |   36 |   46 |   56 |   78 |  390 |  388 |  384 |  382 |  380 |  362 |  344 |  316 |      |      |      |      |      |      |      |      |      |      |      |      |      |      |      |      |     |

 |  220 |  250 |  298 |  298 |  298 |  246 |  178 |  120 |   78 |   48 |      |      |      |      |      |      |      |      |      |      |      |      |   90 |  152 |  248 |  400 |  406 |  410 |  414 |  420 |  334 |  278 |  188 |   40 |   39 |   40 |   44 |   44 |   48 |   60 |   72 |   80 |   85 |   88 |   88 |   90 |   88 |   74 |   58 |   50 |   42 |   36 |   32 |   28 |   40 |  352 |  350 |  346 |  344 |  342 |  338 |  334 |  316 |      |      |      |      |      |      |      |      |      |      |      |      |      |      |      |      |     |

 |  240 |  270 |  312 |  312 |  312 |  260 |  180 |  112 |   72 |   42 |      |      |      |      |      |      |      |      |      |      |      |      |   76 |  128 |  224 |  376 |  382 |  386 |  390 |  396 |  324 |  278 |  188 |   40 |   39 |   40 |   46 |   62 |   78 |   88 |   94 |  100 |  105 |  108 |  106 |   92 |   78 |   66 |   56 |   50 |   42 |   36 |   32 |   28 |   26 |  312 |  310 |  306 |  304 |  302 |  298 |  294 |  290 |      |      |      |      |      |      |      |      |      |      |      |      |      |      |      |      |     |

 |  280 |  328 |  364 |  364 |  364 |  314 |  260 |  160 |   84 |   36 |      |      |      |      |      |      |      |      |      |      |      |      |   46 |   98 |  194 |  346 |  352 |  356 |  360 |  366 |  324 |  278 |  188 |   86 |  121 |  150 |  194 |  208 |  220 |  226 |  232 |  192 |  161 |  136 |   96 |   84 |   74 |   66 |   56 |   50 |   42 |   36 |   32 |   28 |   26 |  244 |  242 |  238 |  236 |  234 |  230 |  226 |  222 |      |      |      |      |      |      |      |      |      |      |      |      |      |      |      |      |     |

 |  288 |  340 |  390 |  406 |  424 |  392 |  366 |  390 |  336 |  314 |  282 |  280 |  288 |  282 |  254 |  118 |   96 |   66 |   48 |   34 |    8 |      |      |   52 |  148 |  300 |  306 |  310 |  314 |  320 |  324 |  500 |  522 |  428 |  463 |  492 |  530 |  540 |  552 |  336 |  230 |  182 |  151 |  126 |   92 |   84 |   74 |   66 |   56 |   50 |   42 |   36 |   32 |   28 |   26 |   56 |   54 |   50 |   48 |   46 |   42 |   38 |   34 |      |      |      |      |      |      |      |      |      |      |      |      |      |      |      |      |     |

 |  296 |  348 |  392 |  408 |  432 |  414 |  388 |  400 |  346 |  324 |  308 |  380 |  410 |  508 |  634 |  498 |  476 |  446 |  418 |  330 |  276 |  154 |      |      |   58 |  210 |  216 |  220 |  224 |  230 |  234 |  500 |  560 |  466 |  496 |  520 |  556 |  566 |  578 |  324 |  218 |  170 |  144 |  124 |   92 |   84 |   72 |   60 |   48 |   38 |   28 |   20 |   12 |    4 |      |      |      |      |      |      |      |      |      |      |      |      |      |      |      |      |      |      |      |      |      |      |      |      |      |     |

 |  310 |  362 |  398 |  428 |  498 |  482 |  470 |  466 |  412 |  390 |  382 |  440 |  424 |  522 |  712 |  576 |  554 |  524 |  496 |  408 |  354 |  232 |      |      |      |      |      |      |      |      |      |  294 |  406 |  460 |  496 |  524 |  564 |  580 |  596 |  314 |  214 |  170 |  144 |  120 |   80 |   64 |   48 |   36 |   24 |   14 |    4 |      |      |      |      |      |      |      |      |      |      |      |      |      |      |      |      |      |      |      |      |      |      |      |      |      |      |      |      |     |

 |  300 |  352 |  378 |  416 |  494 |  518 |  516 |  508 |  442 |  420 |  422 |  472 |  448 |  532 |  718 |  624 |  602 |  572 |  544 |  456 |  402 |  280 |   42 |      |      |      |      |      |      |      |      |  332 |  444 |  498 |  534 |  562 |  602 |  618 |  634 |  314 |  214 |  170 |  134 |  106 |   66 |   50 |   34 |   22 |   10 |      |      |      |      |      |      |      |      |      |      |      |      |      |      |      |      |      |      |      |      |      |      |      |      |      |      |      |      |      |      |     |

 |  294 |  316 |  336 |  374 |  464 |  512 |  542 |  534 |  448 |  456 |  464 |  514 |  478 |  552 |  718 |  648 |  636 |  606 |  578 |  490 |  436 |  314 |   76 |   10 |      |      |      |      |      |      |      |  368 |  480 |  534 |  570 |  598 |  638 |  654 |  670 |  314 |  206 |  152 |  116 |   88 |   48 |   32 |   16 |    4 |      |      |      |      |      |      |      |      |      |      |      |      |      |      |      |      |      |      |      |      |      |      |      |      |      |      |      |      |      |      |      |     |

 |  236 |  258 |  278 |  316 |  406 |  454 |  522 |  538 |  470 |  478 |  486 |  536 |  500 |  574 |  728 |  648 |  656 |  634 |  606 |  518 |  464 |  342 |  104 |   38 |    8 |      |      |      |      |      |      |  402 |  514 |  568 |  604 |  632 |  672 |  688 |  700 |  298 |  186 |  132 |   96 |   68 |   28 |   12 |      |      |      |      |      |      |      |      |      |      |      |      |      |      |      |      |      |      |      |      |      |      |      |      |      |      |      |      |      |      |      |      |      |     |

 |  196 |  218 |  238 |  276 |  366 |  414 |  498 |  580 |  482 |  490 |  498 |  548 |  512 |  586 |  740 |  648 |  656 |  646 |  628 |  540 |  486 |  364 |  126 |   60 |   30 |   10 |      |      |      |      |      |  434 |  546 |  600 |  636 |  664 |  702 |  702 |  702 |  268 |  156 |  102 |   66 |   38 |      |      |      |      |      |      |      |      |      |      |      |      |      |      |      |      |      |      |      |      |      |      |      |      |      |      |      |      |      |      |      |      |      |      |      |     |

 |  168 |  174 |  194 |  232 |  322 |  370 |  454 |  568 |  484 |  508 |  516 |  566 |  530 |  604 |  758 |  666 |  656 |  646 |  634 |  560 |  506 |  384 |  146 |   80 |   50 |   30 |   14 |      |      |      |      |  474 |  586 |  594 |  594 |  594 |  594 |  594 |  594 |  120 |    8 |      |      |      |      |      |      |      |      |      |      |      |      |      |      |      |      |      |      |      |      |      |      |      |      |      |      |      |      |      |      |      |      |      |      |      |      |      |      |     |

 |  156 |  222 |  224 |  246 |  318 |  352 |  408 |  398 |  302 |  240 |  248 |  300 |  256 |  336 |  518 |  562 |  564 |  580 |  586 |  526 |  512 |  400 |  162 |   96 |   66 |   46 |   30 |   16 |    2 |      |      |  312 |  312 |  312 |  312 |  312 |  312 |  312 |  312 |      |      |      |      |      |      |      |      |      |      |      |      |      |      |      |      |      |      |      |      |      |      |      |      |      |      |      |      |      |      |      |      |      |      |      |      |      |      |      |      |     |

 |  144 |  210 |  318 |  390 |  456 |  480 |  536 |  538 |  442 |  390 |  288 |  218 |  192 |  198 |  226 |  270 |  272 |  278 |  288 |  300 |  274 |  252 |  174 |  112 |   82 |   62 |   46 |   32 |   18 |   24 |   46 |  330 |  330 |  330 |  330 |  330 |  330 |  316 |  288 |      |      |      |      |      |      |      |      |      |      |      |      |      |      |      |      |      |      |      |      |      |      |      |      |      |      |      |      |      |      |      |      |      |      |      |      |      |      |      |      |     |

 |  128 |  194 |  302 |  440 |  484 |  534 |  604 |  636 |  542 |  490 |  394 |  266 |  286 |  266 |  202 |  232 |  232 |  238 |  242 |  246 |  196 |  174 |  174 |  112 |   86 |   70 |   58 |   48 |   40 |   46 |   68 |  318 |  314 |  310 |  306 |  302 |  296 |  282 |  254 |      |      |      |      |      |      |      |      |      |      |      |      |      |      |      |      |      |      |      |      |      |      |      |      |      |      |      |      |      |      |      |      |      |      |      |      |      |      |      |      |     |

 |  112 |  178 |  286 |  416 |  452 |  488 |  548 |  584 |  502 |  450 |  354 |  234 |  262 |  256 |  196 |  184 |  184 |  190 |  194 |  198 |  148 |  126 |  132 |  112 |   86 |   70 |   58 |   48 |   40 |   46 |   68 |  280 |  276 |  272 |  268 |  264 |  258 |  244 |  216 |      |      |      |      |      |      |      |      |      |      |      |      |      |      |      |      |      |      |      |      |      |      |      |      |      |      |      |      |      |      |      |      |      |      |      |      |      |      |      |      |     |

 |   92 |  158 |  266 |  396 |  420 |  446 |  486 |  522 |  460 |  408 |  312 |  192 |  232 |  236 |  196 |  160 |  150 |  156 |  160 |  164 |  114 |   92 |   98 |  102 |   86 |   70 |   58 |   48 |   40 |   46 |   68 |  244 |  240 |  236 |  232 |  228 |  222 |  208 |  180 |      |      |      |      |      |      |      |      |      |      |      |      |      |      |      |      |      |      |      |      |      |      |      |      |      |      |      |      |      |      |      |      |      |      |      |      |      |      |      |      |     |

 |   70 |  136 |  244 |  374 |  398 |  424 |  452 |  478 |  438 |  386 |  290 |  170 |  210 |  214 |  186 |  160 |  130 |  128 |  132 |  136 |   86 |   64 |   70 |   74 |   78 |   70 |   58 |   48 |   40 |   46 |   68 |  210 |  206 |  202 |  198 |  194 |  188 |  174 |  146 |      |      |      |      |      |      |      |      |      |      |      |      |      |      |      |      |      |      |      |      |      |      |      |      |      |      |      |      |      |      |      |      |      |      |      |      |      |      |      |      |     |

 |   40 |  106 |  214 |  344 |  368 |  394 |  422 |  436 |  426 |  374 |  278 |  158 |  198 |  202 |  174 |  160 |  130 |  116 |  110 |  114 |   64 |   42 |   48 |   52 |   56 |   60 |   58 |   48 |   40 |   46 |   68 |  178 |  174 |  170 |  166 |  162 |  156 |  142 |  114 |      |      |      |      |      |      |      |      |      |      |      |      |      |      |      |      |      |      |      |      |      |      |      |      |      |      |      |      |      |      |      |      |      |      |      |      |      |      |      |      |     |

